../Core/Src/main.c:77:6:inputJack_Init	8	static
../Core/Src/main.c:81:6:inputJack	8	static
../Core/Src/main.c:94:5:main	8	static
../Core/Src/main.c:149:6:SystemClock_Config	96	static
../Core/Src/main.c:199:6:PeriphCommonClock_Config	160	static
../Core/Src/main.c:226:13:MX_ADC1_Init	32	static
../Core/Src/main.c:284:13:MX_DAC1_Init	48	static
../Core/Src/main.c:328:13:MX_DFSDM1_Init	8	static
../Core/Src/main.c:381:13:MX_TIM2_Init	40	static
../Core/Src/main.c:426:13:MX_USART1_UART_Init	8	static
../Core/Src/main.c:472:13:MX_DMA_Init	16	static
../Core/Src/main.c:491:13:MX_GPIO_Init	48	static
../Core/Src/main.c:525:6:Error_Handler	4	static,ignoring_inline_asm
