../Core/Src/stm32l4xx_hal_msp.c:67:6:HAL_MspInit	16	static
../Core/Src/stm32l4xx_hal_msp.c:90:6:HAL_ADC_MspInit	48	static
../Core/Src/stm32l4xx_hal_msp.c:127:6:HAL_ADC_MspDeInit	16	static
../Core/Src/stm32l4xx_hal_msp.c:157:6:HAL_DAC_MspInit	48	static
../Core/Src/stm32l4xx_hal_msp.c:209:6:HAL_DAC_MspDeInit	16	static
../Core/Src/stm32l4xx_hal_msp.c:242:6:HAL_DFSDM_FilterMspInit	200	static
../Core/Src/stm32l4xx_hal_msp.c:335:6:HAL_DFSDM_ChannelMspInit	200	static
../Core/Src/stm32l4xx_hal_msp.c:405:6:HAL_DFSDM_FilterMspDeInit	16	static
../Core/Src/stm32l4xx_hal_msp.c:443:6:HAL_DFSDM_ChannelMspDeInit	16	static
../Core/Src/stm32l4xx_hal_msp.c:478:6:HAL_SPI_MspInit	48	static
../Core/Src/stm32l4xx_hal_msp.c:515:6:HAL_SPI_MspDeInit	16	static
../Core/Src/stm32l4xx_hal_msp.c:544:6:HAL_TIM_Base_MspInit	24	static
../Core/Src/stm32l4xx_hal_msp.c:570:6:HAL_TIM_Base_MspDeInit	16	static
../Core/Src/stm32l4xx_hal_msp.c:595:6:HAL_UART_MspInit	192	static
../Core/Src/stm32l4xx_hal_msp.c:643:6:HAL_UART_MspDeInit	16	static
../Core/Src/stm32l4xx_hal_msp.c:668:6:HAL_SAI_MspInit	40	static
../Core/Src/stm32l4xx_hal_msp.c:706:6:HAL_SAI_MspDeInit	16	static
